G_CMD(quit,               "Quit sxiv")
G_CMD(switch_mode,        "Thumbnail mode / open image")
G_CMD(toggle_fullscreen,  "Toggle fullscreen")
G_CMD(toggle_bar,         "Toggle info bar")
G_CMD(toggle_bar2,        "Toggle second info bar")
G_CMD(prefix_external,    "External key handler")
G_CMD(reload_image,       "Reload image")
G_CMD(remove_image,       "Remove image from list")
G_CMD(first,              "Go to first image")
G_CMD(n_or_last,          "Go to last image")
G_CMD(scroll_screen,      "Scroll screen")
G_CMD(zoom,               "Zoom")
G_CMD(toggle_image_mark,  "Mark/unmark image")
G_CMD(reverse_marks,      "Reverse marks")
G_CMD(mark_range,         "Mark range")
G_CMD(unmark_all,         "Unmark all")
G_CMD(navigate_marked,    "Go to marked image")
G_CMD(change_gamma,       "Change gamma")

I_CMD(navigate,           "Go to image")
I_CMD(cursor_navigate,    "Go to image by click position")
I_CMD(alternate,          "Go to alternate image")
I_CMD(navigate_frame,     "Go to frame")
I_CMD(toggle_animation,   "Play/pause animation")
I_CMD(keys,               "Toggle this key map")
I_CMD(scroll,             "Pan image")
I_CMD(scroll_to_edge,     "Pan to image edge")
I_CMD(drag,               "Drag to pan")
I_CMD(set_zoom,           "Set zoom level")
I_CMD(fit_to_win,         "Resize image")
I_CMD(rotate,             "Rotate image")
I_CMD(flip,               "Flip image")
I_CMD(toggle_antialias,   "Toggle anti-aliasing")
I_CMD(toggle_alpha,       "Toggle alpha checkerboard")
I_CMD(slideshow,          "Toggle slideshow")

T_CMD(move_sel,           "Move selection")
T_CMD(reload_all,         "Reload thumbnails")

